Archive member included because of file (symbol)

c:/winavr-20100110/bin/../lib/gcc/avr/4.3.3/avr5\libgcc.a(_mulsi3.o)
                              ./delay.o (__mulsi3)
c:/winavr-20100110/bin/../lib/gcc/avr/4.3.3/avr5\libgcc.a(_udivmodsi4.o)
                              ./UART.o (__udivmodsi4)
c:/winavr-20100110/bin/../lib/gcc/avr/4.3.3/avr5\libgcc.a(_exit.o)
                              c:/winavr-20100110/bin/../lib/gcc/avr/4.3.3/../../../../avr/lib/avr5/crtm32.o (exit)
c:/winavr-20100110/bin/../lib/gcc/avr/4.3.3/avr5\libgcc.a(_copy_data.o)
                              ./CRC16.o (__do_copy_data)
c:/winavr-20100110/bin/../lib/gcc/avr/4.3.3/avr5\libgcc.a(_clear_bss.o)
                              ./SLIP.o (__do_clear_bss)
c:/winavr-20100110/bin/../lib/gcc/avr/4.3.3/../../../../avr/lib/avr5\libc.a(memcpy.o)
                              ./WiMOD_LoRaWAN_API.o (memcpy)
c:/winavr-20100110/bin/../lib/gcc/avr/4.3.3/../../../../avr/lib/avr5\libc.a(strlen.o)
                              ./UART.o (strlen)
c:/winavr-20100110/bin/../lib/gcc/avr/4.3.3/../../../../avr/lib/avr5\libc.a(itoa.o)
                              ./WiMOD_LoRaWAN_API.o (itoa)
c:/winavr-20100110/bin/../lib/gcc/avr/4.3.3/../../../../avr/lib/avr5\libc.a(strrev.o)
                              c:/winavr-20100110/bin/../lib/gcc/avr/4.3.3/../../../../avr/lib/avr5\libc.a(itoa.o) (strrev)
c:/winavr-20100110/bin/../lib/gcc/avr/4.3.3/avr5\libgcc.a(_udivmodhi4.o)
                              c:/winavr-20100110/bin/../lib/gcc/avr/4.3.3/../../../../avr/lib/avr5\libc.a(itoa.o) (__udivmodhi4)

Allocating common symbols
Common symbol       size              file

string              0x64              ./UART.o
TxMessage           0x132             ./WiMOD_LoRaWAN_API.o
RxMessage           0x132             ./WiMOD_LoRaWAN_API.o

Memory Configuration

Name             Origin             Length             Attributes
text             0x00000000         0x00020000         xr
data             0x00800060         0x0000ffa0         rw !x
eeprom           0x00810000         0x00010000         rw !x
fuse             0x00820000         0x00000400         rw !x
lock             0x00830000         0x00000400         rw !x
signature        0x00840000         0x00000400         rw !x
*default*        0x00000000         0xffffffff

Linker script and memory map

LOAD c:/winavr-20100110/bin/../lib/gcc/avr/4.3.3/../../../../avr/lib/avr5/crtm32.o
LOAD ./CRC16.o
LOAD ./DIO.o
LOAD ./SLIP.o
LOAD ./UART.o
LOAD ./WiMOD_HCI_Layer.o
LOAD ./WiMOD_LoRaWAN_API.o
LOAD ./delay.o
LOAD ./lcd.o
LOAD ./main.o
LOAD c:/winavr-20100110/bin/../lib/gcc/avr/4.3.3/avr5\libgcc.a
LOAD c:/winavr-20100110/bin/../lib/gcc/avr/4.3.3/../../../../avr/lib/avr5\libc.a
LOAD c:/winavr-20100110/bin/../lib/gcc/avr/4.3.3/avr5\libgcc.a

.hash
 *(.hash)

.dynsym
 *(.dynsym)

.dynstr
 *(.dynstr)

.gnu.version
 *(.gnu.version)

.gnu.version_d
 *(.gnu.version_d)

.gnu.version_r
 *(.gnu.version_r)

.rel.init
 *(.rel.init)

.rela.init
 *(.rela.init)

.rel.text
 *(.rel.text)
 *(.rel.text.*)
 *(.rel.gnu.linkonce.t*)

.rela.text
 *(.rela.text)
 *(.rela.text.*)
 *(.rela.gnu.linkonce.t*)

.rel.fini
 *(.rel.fini)

.rela.fini
 *(.rela.fini)

.rel.rodata
 *(.rel.rodata)
 *(.rel.rodata.*)
 *(.rel.gnu.linkonce.r*)

.rela.rodata
 *(.rela.rodata)
 *(.rela.rodata.*)
 *(.rela.gnu.linkonce.r*)

.rel.data
 *(.rel.data)
 *(.rel.data.*)
 *(.rel.gnu.linkonce.d*)

.rela.data
 *(.rela.data)
 *(.rela.data.*)
 *(.rela.gnu.linkonce.d*)

.rel.ctors
 *(.rel.ctors)

.rela.ctors
 *(.rela.ctors)

.rel.dtors
 *(.rel.dtors)

.rela.dtors
 *(.rela.dtors)

.rel.got
 *(.rel.got)

.rela.got
 *(.rela.got)

.rel.bss
 *(.rel.bss)

.rela.bss
 *(.rela.bss)

.rel.plt
 *(.rel.plt)

.rela.plt
 *(.rela.plt)

.text           0x00000000     0x1e26
 *(.vectors)
 .vectors       0x00000000       0x54 c:/winavr-20100110/bin/../lib/gcc/avr/4.3.3/../../../../avr/lib/avr5/crtm32.o
                0x00000000                __vectors
                0x00000000                __vector_default
 *(.vectors)
 *(.progmem.gcc*)
 *(.progmem*)
                0x00000054                . = ALIGN (0x2)
                0x00000054                __trampolines_start = .
 *(.trampolines)
 .trampolines   0x00000054        0x0 linker stubs
 *(.trampolines*)
                0x00000054                __trampolines_end = .
 *(.jumptables)
 *(.jumptables*)
 *(.lowtext)
 *(.lowtext*)
                0x00000054                __ctors_start = .
 *(.ctors)
                0x00000054                __ctors_end = .
                0x00000054                __dtors_start = .
 *(.dtors)
                0x00000054                __dtors_end = .
 SORT(*)(.ctors)
 SORT(*)(.dtors)
 *(.init0)
 .init0         0x00000054        0x0 c:/winavr-20100110/bin/../lib/gcc/avr/4.3.3/../../../../avr/lib/avr5/crtm32.o
                0x00000054                __init
 *(.init0)
 *(.init1)
 *(.init1)
 *(.init2)
 .init2         0x00000054        0xc c:/winavr-20100110/bin/../lib/gcc/avr/4.3.3/../../../../avr/lib/avr5/crtm32.o
 *(.init2)
 *(.init3)
 *(.init3)
 *(.init4)
 .init4         0x00000060       0x16 c:/winavr-20100110/bin/../lib/gcc/avr/4.3.3/avr5\libgcc.a(_copy_data.o)
                0x00000060                __do_copy_data
 .init4         0x00000076       0x10 c:/winavr-20100110/bin/../lib/gcc/avr/4.3.3/avr5\libgcc.a(_clear_bss.o)
                0x00000076                __do_clear_bss
 *(.init4)
 *(.init5)
 *(.init5)
 *(.init6)
 *(.init6)
 *(.init7)
 *(.init7)
 *(.init8)
 *(.init8)
 *(.init9)
 .init9         0x00000086        0x8 c:/winavr-20100110/bin/../lib/gcc/avr/4.3.3/../../../../avr/lib/avr5/crtm32.o
 *(.init9)
 *(.text)
 .text          0x0000008e        0x4 c:/winavr-20100110/bin/../lib/gcc/avr/4.3.3/../../../../avr/lib/avr5/crtm32.o
                0x0000008e                __vector_1
                0x0000008e                __vector_12
                0x0000008e                __bad_interrupt
                0x0000008e                __vector_6
                0x0000008e                __vector_3
                0x0000008e                __vector_11
                0x0000008e                __vector_17
                0x0000008e                __vector_19
                0x0000008e                __vector_7
                0x0000008e                __vector_5
                0x0000008e                __vector_4
                0x0000008e                __vector_9
                0x0000008e                __vector_2
                0x0000008e                __vector_15
                0x0000008e                __vector_8
                0x0000008e                __vector_14
                0x0000008e                __vector_10
                0x0000008e                __vector_16
                0x0000008e                __vector_18
                0x0000008e                __vector_20
 .text          0x00000092        0x0 ./CRC16.o
 .text          0x00000092        0x0 ./DIO.o
 .text          0x00000092        0x0 ./SLIP.o
 .text          0x00000092        0x0 ./UART.o
 .text          0x00000092        0x0 ./WiMOD_HCI_Layer.o
 .text          0x00000092        0x0 ./WiMOD_LoRaWAN_API.o
 .text          0x00000092        0x0 ./delay.o
 .text          0x00000092        0x0 ./lcd.o
 .text          0x00000092        0x0 ./main.o
 .text          0x00000092        0x0 c:/winavr-20100110/bin/../lib/gcc/avr/4.3.3/avr5\libgcc.a(_mulsi3.o)
 .text          0x00000092        0x0 c:/winavr-20100110/bin/../lib/gcc/avr/4.3.3/avr5\libgcc.a(_udivmodsi4.o)
 .text          0x00000092        0x0 c:/winavr-20100110/bin/../lib/gcc/avr/4.3.3/avr5\libgcc.a(_exit.o)
 .text          0x00000092        0x0 c:/winavr-20100110/bin/../lib/gcc/avr/4.3.3/avr5\libgcc.a(_copy_data.o)
 .text          0x00000092        0x0 c:/winavr-20100110/bin/../lib/gcc/avr/4.3.3/avr5\libgcc.a(_clear_bss.o)
 .text          0x00000092        0x0 c:/winavr-20100110/bin/../lib/gcc/avr/4.3.3/../../../../avr/lib/avr5\libc.a(memcpy.o)
 .text          0x00000092        0x0 c:/winavr-20100110/bin/../lib/gcc/avr/4.3.3/../../../../avr/lib/avr5\libc.a(strlen.o)
 .text          0x00000092        0x0 c:/winavr-20100110/bin/../lib/gcc/avr/4.3.3/../../../../avr/lib/avr5\libc.a(itoa.o)
 .text          0x00000092        0x0 c:/winavr-20100110/bin/../lib/gcc/avr/4.3.3/../../../../avr/lib/avr5\libc.a(strrev.o)
 .text          0x00000092        0x0 c:/winavr-20100110/bin/../lib/gcc/avr/4.3.3/avr5\libgcc.a(_udivmodhi4.o)
                0x00000092                . = ALIGN (0x2)
 *(.text.*)
 .text.CRC16_Calc
                0x00000092       0x9a ./CRC16.o
                0x00000092                CRC16_Calc
 .text.CRC16_Check
                0x0000012c       0x60 ./CRC16.o
                0x0000012c                CRC16_Check
 .text.DIO_voidInit
                0x0000018c        0xe ./DIO.o
                0x0000018c                DIO_voidInit
 .text.DIO_voidSetPortDir
                0x0000019a       0xca ./DIO.o
                0x0000019a                DIO_voidSetPortDir
 .text.DIO_voidWritePortValue
                0x00000264       0x82 ./DIO.o
                0x00000264                DIO_voidWritePortValue
 .text.DIO_U8ReadPortValue
                0x000002e6       0x82 ./DIO.o
                0x000002e6                DIO_U8ReadPortValue
 .text.DIO_voidSetPinDir
                0x00000368      0x200 ./DIO.o
                0x00000368                DIO_voidSetPinDir
 .text.DIO_voidWritePinValue
                0x00000568      0x172 ./DIO.o
                0x00000568                DIO_voidWritePinValue
 .text.DIO_U8ReadPinValue
                0x000006da       0xda ./DIO.o
                0x000006da                DIO_U8ReadPinValue
 .text.SLIP_Init
                0x000007b4       0x5c ./SLIP.o
                0x000007b4                SLIP_Init
 .text.SLIP_StoreTxByte
                0x00000810       0x52 ./SLIP.o
 .text.SLIP_EncodeData
                0x00000862      0x10a ./SLIP.o
                0x00000862                SLIP_EncodeData
 .text.SLIP_SetRxBuffer
                0x0000096c       0x6c ./SLIP.o
                0x0000096c                SLIP_SetRxBuffer
 .text.SLIP_StoreRxByte
                0x000009d8       0x52 ./SLIP.o
 .text.SLIP_DecodeData
                0x00000a2a      0x1b0 ./SLIP.o
                0x00000a2a                SLIP_DecodeData
 .text.UART_VIDint
                0x00000bda      0x1e2 ./UART.o
                0x00000bda                UART_VIDint
 .text.UART_send_char
                0x00000dbc       0x34 ./UART.o
                0x00000dbc                UART_send_char
 .text.UART_U8recievechar
                0x00000df0       0x1e ./UART.o
                0x00000df0                UART_U8recievechar
 .text.UART_send_string
                0x00000e0e       0x5c ./UART.o
                0x00000e0e                UART_send_string
 .text.Uart_Transmit
                0x00000e6a       0x70 ./UART.o
                0x00000e6a                Uart_Transmit
 .text.UART_recieve_string
                0x00000eda       0x72 ./UART.o
                0x00000eda                UART_recieve_string
 .text.Uart_Receive_with_recieve_interrupt
                0x00000f4c       0x8e ./UART.o
                0x00000f4c                Uart_Receive_with_recieve_interrupt
 .text.Uart_Receive_with_NO_recieve_interrupt
                0x00000fda       0x62 ./UART.o
                0x00000fda                Uart_Receive_with_NO_recieve_interrupt
 .text.__vector_13
                0x0000103c       0x60 ./UART.o
                0x0000103c                __vector_13
 .text.WiMOD_HCI_Init
                0x0000109c       0x74 ./WiMOD_HCI_Layer.o
                0x0000109c                WiMOD_HCI_Init
 .text.WiMOD_HCI_SendMessage
                0x00001110      0x126 ./WiMOD_HCI_Layer.o
                0x00001110                WiMOD_HCI_SendMessage
 .text.WiMOD_HCI_Process
                0x00001236       0x56 ./WiMOD_HCI_Layer.o
                0x00001236                WiMOD_HCI_Process
 .text.WiMOD_HCI_ProcessRxMessage
                0x0000128c       0xd0 ./WiMOD_HCI_Layer.o
 .text.WiMOD_LoRaWAN_Init
                0x0000135c       0x1c ./WiMOD_LoRaWAN_API.o
                0x0000135c                WiMOD_LoRaWAN_Init
 .text.WiMOD_LoRaWAN_SendPing
                0x00001378       0x2a ./WiMOD_LoRaWAN_API.o
                0x00001378                WiMOD_LoRaWAN_SendPing
 .text.WiMOD_LoRaWAN_SendURadioData
                0x000013a2       0x88 ./WiMOD_LoRaWAN_API.o
                0x000013a2                WiMOD_LoRaWAN_SendURadioData
 .text.WiMOD_LoRaWAN_SendCRadioData
                0x0000142a       0x88 ./WiMOD_LoRaWAN_API.o
                0x0000142a                WiMOD_LoRaWAN_SendCRadioData
 .text.WiMOD_LoRaWAN_ABP_Activate
                0x000014b2      0x238 ./WiMOD_LoRaWAN_API.o
                0x000014b2                WiMOD_LoRaWAN_ABP_Activate
 .text.WiMOD_LoRaWAN_Process
                0x000016ea       0x12 ./WiMOD_LoRaWAN_API.o
                0x000016ea                WiMOD_LoRaWAN_Process
 .text.WiMOD_LoRaWAN_Process_RxMessage
                0x000016fc       0x58 ./WiMOD_LoRaWAN_API.o
 .text.WiMOD_LoRaWAN_Process_DevMgmt_Message
                0x00001754       0xa4 ./WiMOD_LoRaWAN_API.o
 .text.WiMOD_LoRaWAN_Process_LoRaWAN_Message
                0x000017f8       0xfa ./WiMOD_LoRaWAN_API.o
 .text.delay_ms
                0x000018f2       0xcc ./delay.o
                0x000018f2                delay_ms
 .text.LCD_VidWriteData4
                0x000019be       0xcc ./lcd.o
                0x000019be                LCD_VidWriteData4
 .text.LCD_VidWriteCommand4
                0x00001a8a       0xcc ./lcd.o
                0x00001a8a                LCD_VidWriteCommand4
 .text.LCD_String4
                0x00001b56       0x58 ./lcd.o
                0x00001b56                LCD_String4
 .text.LCD_Goto_row_coulmn4
                0x00001bae       0x5a ./lcd.o
                0x00001bae                LCD_Goto_row_coulmn4
 .text.LCD_Goto_coulmn_row4
                0x00001c08       0x5a ./lcd.o
                0x00001c08                LCD_Goto_coulmn_row4
 .text.LCD_vidInit4
                0x00001c62       0x7e ./lcd.o
                0x00001c62                LCD_vidInit4
 .text.main     0x00001ce0       0x12 ./main.o
                0x00001ce0                main
 .text.libgcc   0x00001cf2       0x3e c:/winavr-20100110/bin/../lib/gcc/avr/4.3.3/avr5\libgcc.a(_mulsi3.o)
                0x00001cf2                __mulsi3
 .text.libgcc   0x00001d30       0x44 c:/winavr-20100110/bin/../lib/gcc/avr/4.3.3/avr5\libgcc.a(_udivmodsi4.o)
                0x00001d30                __udivmodsi4
 .text.libgcc   0x00001d74        0x0 c:/winavr-20100110/bin/../lib/gcc/avr/4.3.3/avr5\libgcc.a(_exit.o)
 .text.libgcc   0x00001d74        0x0 c:/winavr-20100110/bin/../lib/gcc/avr/4.3.3/avr5\libgcc.a(_copy_data.o)
 .text.libgcc   0x00001d74        0x0 c:/winavr-20100110/bin/../lib/gcc/avr/4.3.3/avr5\libgcc.a(_clear_bss.o)
 .text.avr-libc
                0x00001d74       0x12 c:/winavr-20100110/bin/../lib/gcc/avr/4.3.3/../../../../avr/lib/avr5\libc.a(memcpy.o)
                0x00001d74                memcpy
 .text.avr-libc
                0x00001d86       0x12 c:/winavr-20100110/bin/../lib/gcc/avr/4.3.3/../../../../avr/lib/avr5\libc.a(strlen.o)
                0x00001d86                strlen
 .text.avr-libc
                0x00001d98       0x42 c:/winavr-20100110/bin/../lib/gcc/avr/4.3.3/../../../../avr/lib/avr5\libc.a(itoa.o)
                0x00001d98                itoa
 .text.avr-libc
                0x00001dda       0x20 c:/winavr-20100110/bin/../lib/gcc/avr/4.3.3/../../../../avr/lib/avr5\libc.a(strrev.o)
                0x00001dda                strrev
 .text.libgcc   0x00001dfa       0x28 c:/winavr-20100110/bin/../lib/gcc/avr/4.3.3/avr5\libgcc.a(_udivmodhi4.o)
                0x00001dfa                __udivmodhi4
                0x00001e22                . = ALIGN (0x2)
 *(.fini9)
 .fini9         0x00001e22        0x0 c:/winavr-20100110/bin/../lib/gcc/avr/4.3.3/avr5\libgcc.a(_exit.o)
                0x00001e22                exit
                0x00001e22                _exit
 *(.fini9)
 *(.fini8)
 *(.fini8)
 *(.fini7)
 *(.fini7)
 *(.fini6)
 *(.fini6)
 *(.fini5)
 *(.fini5)
 *(.fini4)
 *(.fini4)
 *(.fini3)
 *(.fini3)
 *(.fini2)
 *(.fini2)
 *(.fini1)
 *(.fini1)
 *(.fini0)
 .fini0         0x00001e22        0x4 c:/winavr-20100110/bin/../lib/gcc/avr/4.3.3/avr5\libgcc.a(_exit.o)
 *(.fini0)
                0x00001e26                _etext = .

.data           0x00800060      0x296 load address 0x00001e26
                0x00800060                PROVIDE (__data_start, .)
 *(.data)
 .data          0x00800060        0x0 c:/winavr-20100110/bin/../lib/gcc/avr/4.3.3/../../../../avr/lib/avr5/crtm32.o
 .data          0x00800060        0x0 ./CRC16.o
 .data          0x00800060        0x0 ./DIO.o
 .data          0x00800060        0x0 ./SLIP.o
 .data          0x00800060        0x0 ./UART.o
 .data          0x00800060        0x0 ./WiMOD_HCI_Layer.o
 .data          0x00800060       0x63 ./WiMOD_LoRaWAN_API.o
 .data          0x008000c3        0x0 ./delay.o
 .data          0x008000c3        0x0 ./lcd.o
 .data          0x008000c3        0x0 ./main.o
 .data          0x008000c3        0x0 c:/winavr-20100110/bin/../lib/gcc/avr/4.3.3/avr5\libgcc.a(_mulsi3.o)
 .data          0x008000c3        0x0 c:/winavr-20100110/bin/../lib/gcc/avr/4.3.3/avr5\libgcc.a(_udivmodsi4.o)
 .data          0x008000c3        0x0 c:/winavr-20100110/bin/../lib/gcc/avr/4.3.3/avr5\libgcc.a(_exit.o)
 .data          0x008000c3        0x0 c:/winavr-20100110/bin/../lib/gcc/avr/4.3.3/avr5\libgcc.a(_copy_data.o)
 .data          0x008000c3        0x0 c:/winavr-20100110/bin/../lib/gcc/avr/4.3.3/avr5\libgcc.a(_clear_bss.o)
 .data          0x008000c3        0x0 c:/winavr-20100110/bin/../lib/gcc/avr/4.3.3/../../../../avr/lib/avr5\libc.a(memcpy.o)
 .data          0x008000c3        0x0 c:/winavr-20100110/bin/../lib/gcc/avr/4.3.3/../../../../avr/lib/avr5\libc.a(strlen.o)
 .data          0x008000c3        0x0 c:/winavr-20100110/bin/../lib/gcc/avr/4.3.3/../../../../avr/lib/avr5\libc.a(itoa.o)
 .data          0x008000c3        0x0 c:/winavr-20100110/bin/../lib/gcc/avr/4.3.3/../../../../avr/lib/avr5\libc.a(strrev.o)
 .data          0x008000c3        0x0 c:/winavr-20100110/bin/../lib/gcc/avr/4.3.3/avr5\libgcc.a(_udivmodhi4.o)
 *(.data*)
 .data.DeviceEUI
                0x008000c3        0x8 ./main.o
                0x008000c3                DeviceEUI
 .data.DeviceAddress
                0x008000cb        0x4 ./main.o
                0x008000cb                DeviceAddress
 .data.ApplicationSessionKey
                0x008000cf       0x10 ./main.o
                0x008000cf                ApplicationSessionKey
 .data.NetworkSessionKey
                0x008000df       0x10 ./main.o
                0x008000df                NetworkSessionKey
 *(.rodata)
 *(.rodata*)
 .rodata.CRC16_Table
                0x008000ef      0x200 ./CRC16.o
                0x008000ef                CRC16_Table
 .rodata.Uart_cfg
                0x008002ef        0x7 ./UART.o
                0x008002ef                Uart_cfg
 *(.gnu.linkonce.d*)
                0x008002f6                . = ALIGN (0x2)
                0x008002f6                _edata = .
                0x008002f6                PROVIDE (__data_end, .)

.bss            0x008002f6      0x55b
                0x008002f6                PROVIDE (__bss_start, .)
 *(.bss)
 .bss           0x008002f6        0x0 c:/winavr-20100110/bin/../lib/gcc/avr/4.3.3/../../../../avr/lib/avr5/crtm32.o
 .bss           0x008002f6        0x0 ./CRC16.o
 .bss           0x008002f6        0x0 ./DIO.o
 .bss           0x008002f6        0x0 ./SLIP.o
 .bss           0x008002f6        0x0 ./UART.o
 .bss           0x008002f6        0x0 ./WiMOD_HCI_Layer.o
 .bss           0x008002f6        0x0 ./WiMOD_LoRaWAN_API.o
 .bss           0x008002f6        0x0 ./delay.o
 .bss           0x008002f6        0x0 ./lcd.o
 .bss           0x008002f6        0x0 ./main.o
 .bss           0x008002f6        0x0 c:/winavr-20100110/bin/../lib/gcc/avr/4.3.3/avr5\libgcc.a(_mulsi3.o)
 .bss           0x008002f6        0x0 c:/winavr-20100110/bin/../lib/gcc/avr/4.3.3/avr5\libgcc.a(_udivmodsi4.o)
 .bss           0x008002f6        0x0 c:/winavr-20100110/bin/../lib/gcc/avr/4.3.3/avr5\libgcc.a(_exit.o)
 .bss           0x008002f6        0x0 c:/winavr-20100110/bin/../lib/gcc/avr/4.3.3/avr5\libgcc.a(_copy_data.o)
 .bss           0x008002f6        0x0 c:/winavr-20100110/bin/../lib/gcc/avr/4.3.3/avr5\libgcc.a(_clear_bss.o)
 .bss           0x008002f6        0x0 c:/winavr-20100110/bin/../lib/gcc/avr/4.3.3/../../../../avr/lib/avr5\libc.a(memcpy.o)
 .bss           0x008002f6        0x0 c:/winavr-20100110/bin/../lib/gcc/avr/4.3.3/../../../../avr/lib/avr5\libc.a(strlen.o)
 .bss           0x008002f6        0x0 c:/winavr-20100110/bin/../lib/gcc/avr/4.3.3/../../../../avr/lib/avr5\libc.a(itoa.o)
 .bss           0x008002f6        0x0 c:/winavr-20100110/bin/../lib/gcc/avr/4.3.3/../../../../avr/lib/avr5\libc.a(strrev.o)
 .bss           0x008002f6        0x0 c:/winavr-20100110/bin/../lib/gcc/avr/4.3.3/avr5\libgcc.a(_udivmodhi4.o)
 *(.bss*)
 .bss.SLIP      0x008002f6       0x10 ./SLIP.o
 .bss.Rx_Count  0x00800306        0x1 ./UART.o
                0x00800306                Rx_Count
 .bss.Rx_Data   0x00800307       0x14 ./UART.o
 .bss.HCI       0x0080031b        0x8 ./WiMOD_HCI_Layer.o
 .bss.TxBuffer  0x00800323      0x266 ./WiMOD_HCI_Layer.o
 *(COMMON)
 COMMON         0x00800589       0x64 ./UART.o
                0x00800589                string
 COMMON         0x008005ed      0x264 ./WiMOD_LoRaWAN_API.o
                0x008005ed                TxMessage
                0x0080071f                RxMessage
                0x00800851                PROVIDE (__bss_end, .)
                0x00001e26                __data_load_start = LOADADDR (.data)
                0x000020bc                __data_load_end = (__data_load_start + SIZEOF (.data))

.noinit         0x00800851        0x0
                0x00800851                PROVIDE (__noinit_start, .)
 *(.noinit*)
                0x00800851                PROVIDE (__noinit_end, .)
                0x00800851                _end = .
                0x00800851                PROVIDE (__heap_start, .)

.eeprom         0x00810000        0x0
 *(.eeprom*)
                0x00810000                __eeprom_end = .

.fuse
 *(.fuse)
 *(.lfuse)
 *(.hfuse)
 *(.efuse)

.lock
 *(.lock*)

.signature
 *(.signature*)

.stab           0x00000000     0x2928
 *(.stab)
 .stab          0x00000000      0x27c ./CRC16.o
 .stab          0x0000027c      0x5a0 ./DIO.o
                                0x60c (size before relaxing)
 .stab          0x0000081c      0x5ac ./SLIP.o
                                0x618 (size before relaxing)
 .stab          0x00000dc8      0x7d4 ./UART.o
                                0x840 (size before relaxing)
 .stab          0x0000159c      0x450 ./WiMOD_HCI_Layer.o
                                0x4f8 (size before relaxing)
 .stab          0x000019ec      0x7d4 ./WiMOD_LoRaWAN_API.o
                                0x888 (size before relaxing)
 .stab          0x000021c0      0x1b0 ./delay.o
                                0x21c (size before relaxing)
 .stab          0x00002370      0x474 ./lcd.o
                                0x504 (size before relaxing)
 .stab          0x000027e4      0x144 ./main.o
                                0x1b0 (size before relaxing)

.stabstr        0x00000000     0x1282
 *(.stabstr)
 .stabstr       0x00000000     0x1282 ./CRC16.o

.stab.excl
 *(.stab.excl)

.stab.exclstr
 *(.stab.exclstr)

.stab.index
 *(.stab.index)

.stab.indexstr
 *(.stab.indexstr)

.comment
 *(.comment)

.debug
 *(.debug)

.line
 *(.line)

.debug_srcinfo
 *(.debug_srcinfo)

.debug_sfnames
 *(.debug_sfnames)

.debug_aranges
 *(.debug_aranges)

.debug_pubnames
 *(.debug_pubnames)

.debug_info
 *(.debug_info)
 *(.gnu.linkonce.wi.*)

.debug_abbrev
 *(.debug_abbrev)

.debug_line
 *(.debug_line)

.debug_frame
 *(.debug_frame)

.debug_str
 *(.debug_str)

.debug_loc
 *(.debug_loc)

.debug_macinfo
 *(.debug_macinfo)
OUTPUT(LoRa.elf elf32-avr)
LOAD linker stubs
